schema {
	query: Query
}

type Query {
	hello(req: HelloMsgInput): HelloMsg!
}

type HelloMsg {
	text: String!
	OK: Boolean!
}

input HelloMsgInput {
	text: String!
	OK: Boolean!
}
