schema:
- twirpql/schema.graphql
exec:
  filename: twirpql/generated.go
model:
  filename: twirpql/models_gen.go
resolver:
  filename: twirpql/resolver.go
  type: Resolver
models:
  HelloReq:
    model:
    - simple.HelloReq
  HelloResp:
    model:
    - simple.HelloResp
