# Code was generated by marwan.io/protoc-gen-twirpql. DO NOT EDIT.

type Query {
	hello(req: HelloReq): HelloResp!
}

type HelloResp {
	text: String!
}

input HelloReq {
	name: String!
}
