# Code was generated by marwan.io/protoc-gen-twirpql. DO NOT EDIT.

type Query {
	hello(req: HelloReq): HelloResp!
	bye(req: ByeReq): ByeResp!
}

type ByeResp {
	one: Int!
	two: Int!
	three: [Int]!
	four: [Int]!
	traffic: Traffic!
}

type HelloResp {
	one: String!
	two: Boolean!
	three: [String]!
	four: [Boolean]!
}

input ByeReq {
	one: Int!
	two: Int!
	three: [Int]!
	four: [Int]!
}

input HelloReq {
	one: String!
	two: Boolean!
	three: [String]!
	four: [Boolean]!
}

enum Traffic {
	GREEN
	YELLOW
	RED
}
