schema {
	query: Query
}

type Query {
	Hello: HelloResp!
}

type HelloResp {
	text: String!
}
